// Jest Snapshot v1, https://goo.gl/fbAQLP

exports[`should render the expected output 1`] = `
"<div class=\\"p-1\\">
  <section class=\\"stock-list-container mt-2\\">
    <div>Hello</div>
    <div>Hello</div>
  </section>
</div>"
`;
